// Jest Snapshot v1, https://goo.gl/fbAQLP

exports[`Auth API Can sign in 1`] = `
Object {
  "__typename": "User",
  "addresses": Array [
    Object {
      "__typename": "Address",
      "city": "ALABAMA",
      "companyName": "Simonis LLC",
      "firstName": "Ida",
      "id": "QWRkcmVzczo0Mw==",
      "isDefaultShippingAddress": true,
      "lastName": "MacGyver",
      "phone": "+12052011178",
      "postalCode": "35005",
      "streetAddress1": "1932 Orrin Mall",
      "streetAddress2": "Apt. 100",
    },
    Object {
      "__typename": "Address",
      "city": "ALABAMA",
      "companyName": "Oberbrunner LLC",
      "firstName": "Jerod",
      "id": "QWRkcmVzczo0Nw==",
      "isDefaultShippingAddress": false,
      "lastName": "VonRueden",
      "phone": "+12052011178",
      "postalCode": "35005",
      "streetAddress1": "951 Sauer Court",
      "streetAddress2": "Apt. 478",
    },
    Object {
      "__typename": "Address",
      "city": "ALABAMA",
      "companyName": "Gusikowski Group",
      "firstName": "Erna",
      "id": "QWRkcmVzczo1MQ==",
      "isDefaultShippingAddress": false,
      "lastName": "Leuschke",
      "phone": "+12052011178",
      "postalCode": "35005",
      "streetAddress1": "678 Diana Spring",
      "streetAddress2": "Suite 537",
    },
    Object {
      "__typename": "Address",
      "city": "ALABAMA",
      "companyName": "Moen and Sons",
      "firstName": "Elaina",
      "id": "QWRkcmVzczo1NQ==",
      "isDefaultShippingAddress": false,
      "lastName": "Windler",
      "phone": "+12052011178",
      "postalCode": "35005",
      "streetAddress1": "415 Lind Fords",
      "streetAddress2": "Apt. 454",
    },
    Object {
      "__typename": "Address",
      "city": "ALABAMA",
      "companyName": "Waelchi Group",
      "firstName": "Joanie",
      "id": "QWRkcmVzczo1OQ==",
      "isDefaultShippingAddress": false,
      "lastName": "Hodkiewicz",
      "phone": "+12052011178",
      "postalCode": "35005",
      "streetAddress1": "98805 Mills Villages",
      "streetAddress2": "Suite 170",
    },
  ],
  "defaultShippingAddress": Object {
    "__typename": "Address",
    "city": "ALABAMA",
    "companyName": "Simonis LLC",
    "firstName": "Ida",
    "id": "QWRkcmVzczo0Mw==",
    "isDefaultShippingAddress": true,
    "lastName": "MacGyver",
    "phone": "+12052011178",
    "postalCode": "35005",
    "streetAddress1": "1932 Orrin Mall",
    "streetAddress2": "Apt. 100",
  },
  "email": "admin@example.com",
  "firstName": "Sarah",
  "id": "VXNlcjoyNA==",
  "isStaff": true,
  "lastName": "Hirthe",
}
`;

exports[`Auth API Returns error if credentials are invalid 1`] = `undefined`;
